#-----------------------------------------------------------
# Webtalk v2019.2 (64-bit)
# SW Build 2708876 on Wed Nov  6 21:40:23 MST 2019
# IP Build 2700528 on Thu Nov  7 00:09:20 MST 2019
# Start of session at: Sun Dec 10 18:26:33 2023
# Process ID: 14748
# Current directory: C:/Architecture/Intelligent-Architecture/Lab5-Naive-TPU/lab5_proj/proj/PE.sim/sim_1/behav/xsim
# Command line: wbtcv.exe -mode batch -source C:/Architecture/Intelligent-Architecture/Lab5-Naive-TPU/lab5_proj/proj/PE.sim/sim_1/behav/xsim/xsim.dir/MM_top_tb_behav/webtalk/xsim_webtalk.tcl -notrace
# Log file: C:/Architecture/Intelligent-Architecture/Lab5-Naive-TPU/lab5_proj/proj/PE.sim/sim_1/behav/xsim/webtalk.log
# Journal file: C:/Architecture/Intelligent-Architecture/Lab5-Naive-TPU/lab5_proj/proj/PE.sim/sim_1/behav/xsim\webtalk.jou
#-----------------------------------------------------------
source C:/Architecture/Intelligent-Architecture/Lab5-Naive-TPU/lab5_proj/proj/PE.sim/sim_1/behav/xsim/xsim.dir/MM_top_tb_behav/webtalk/xsim_webtalk.tcl -notrace
