#-----------------------------------------------------------
# Webtalk v2019.2 (64-bit)
# SW Build 2708876 on Wed Nov  6 21:40:23 MST 2019
# IP Build 2700528 on Thu Nov  7 00:09:20 MST 2019
# Start of session at: Fri Oct 22 13:56:56 2021
# Process ID: 12220
# Current directory: E:/workspace/_Intelligent_Computing_Architectures2/lab3/proj/matmul.sim/sim_1/behav/xsim
# Command line: wbtcv.exe -mode batch -source E:/workspace/_Intelligent_Computing_Architectures2/lab3/proj/matmul.sim/sim_1/behav/xsim/xsim.dir/Multiply_8x8_tb_behav/webtalk/xsim_webtalk.tcl -notrace
# Log file: E:/workspace/_Intelligent_Computing_Architectures2/lab3/proj/matmul.sim/sim_1/behav/xsim/webtalk.log
# Journal file: E:/workspace/_Intelligent_Computing_Architectures2/lab3/proj/matmul.sim/sim_1/behav/xsim\webtalk.jou
#-----------------------------------------------------------
source E:/workspace/_Intelligent_Computing_Architectures2/lab3/proj/matmul.sim/sim_1/behav/xsim/xsim.dir/Multiply_8x8_tb_behav/webtalk/xsim_webtalk.tcl -notrace
